------------------------------------------------------------
Timing Analyzer Summary
------------------------------------------------------------

Type  : Slow 1100mV 85C Model Setup 'MOUSE:inst|MOUSE_CLK_FILTER'
Slack : -8.074
TNS   : -703.139

Type  : Slow 1100mV 85C Model Setup 'inst1|pll_25m_inst|altera_pll_i|general[0].gpll~PLL_OUTPUT_COUNTER|divclk'
Slack : -4.891
TNS   : -17.260

Type  : Slow 1100mV 85C Model Hold 'inst1|pll_25m_inst|altera_pll_i|general[0].gpll~PLL_OUTPUT_COUNTER|divclk'
Slack : 0.407
TNS   : 0.000

Type  : Slow 1100mV 85C Model Hold 'MOUSE:inst|MOUSE_CLK_FILTER'
Slack : 0.499
TNS   : 0.000

Type  : Slow 1100mV 85C Model Recovery 'MOUSE:inst|MOUSE_CLK_FILTER'
Slack : -6.730
TNS   : -107.445

Type  : Slow 1100mV 85C Model Removal 'MOUSE:inst|MOUSE_CLK_FILTER'
Slack : 5.552
TNS   : 0.000

Type  : Slow 1100mV 85C Model Minimum Pulse Width 'MOUSE:inst|MOUSE_CLK_FILTER'
Slack : -0.538
TNS   : -73.696

Type  : Slow 1100mV 85C Model Minimum Pulse Width 'inst1|pll_25m_inst|altera_pll_i|general[0].gpll~FRACTIONAL_PLL|vcoph[0]'
Slack : 1.666
TNS   : 0.000

Type  : Slow 1100mV 85C Model Minimum Pulse Width 'CLOCK_50'
Slack : 9.949
TNS   : 0.000

Type  : Slow 1100mV 85C Model Minimum Pulse Width 'inst1|pll_25m_inst|altera_pll_i|general[0].gpll~PLL_OUTPUT_COUNTER|divclk'
Slack : 19.309
TNS   : 0.000

Type  : Slow 1100mV 0C Model Setup 'MOUSE:inst|MOUSE_CLK_FILTER'
Slack : -7.890
TNS   : -691.200

Type  : Slow 1100mV 0C Model Setup 'inst1|pll_25m_inst|altera_pll_i|general[0].gpll~PLL_OUTPUT_COUNTER|divclk'
Slack : -4.355
TNS   : -15.024

Type  : Slow 1100mV 0C Model Hold 'inst1|pll_25m_inst|altera_pll_i|general[0].gpll~PLL_OUTPUT_COUNTER|divclk'
Slack : 0.406
TNS   : 0.000

Type  : Slow 1100mV 0C Model Hold 'MOUSE:inst|MOUSE_CLK_FILTER'
Slack : 0.556
TNS   : 0.000

Type  : Slow 1100mV 0C Model Recovery 'MOUSE:inst|MOUSE_CLK_FILTER'
Slack : -6.669
TNS   : -106.496

Type  : Slow 1100mV 0C Model Removal 'MOUSE:inst|MOUSE_CLK_FILTER'
Slack : 5.703
TNS   : 0.000

Type  : Slow 1100mV 0C Model Minimum Pulse Width 'MOUSE:inst|MOUSE_CLK_FILTER'
Slack : -0.538
TNS   : -72.886

Type  : Slow 1100mV 0C Model Minimum Pulse Width 'inst1|pll_25m_inst|altera_pll_i|general[0].gpll~FRACTIONAL_PLL|vcoph[0]'
Slack : 1.666
TNS   : 0.000

Type  : Slow 1100mV 0C Model Minimum Pulse Width 'CLOCK_50'
Slack : 9.980
TNS   : 0.000

Type  : Slow 1100mV 0C Model Minimum Pulse Width 'inst1|pll_25m_inst|altera_pll_i|general[0].gpll~PLL_OUTPUT_COUNTER|divclk'
Slack : 19.214
TNS   : 0.000

Type  : Fast 1100mV 85C Model Setup 'MOUSE:inst|MOUSE_CLK_FILTER'
Slack : -3.911
TNS   : -335.888

Type  : Fast 1100mV 85C Model Setup 'inst1|pll_25m_inst|altera_pll_i|general[0].gpll~PLL_OUTPUT_COUNTER|divclk'
Slack : -3.505
TNS   : -11.955

Type  : Fast 1100mV 85C Model Hold 'MOUSE:inst|MOUSE_CLK_FILTER'
Slack : 0.112
TNS   : 0.000

Type  : Fast 1100mV 85C Model Hold 'inst1|pll_25m_inst|altera_pll_i|general[0].gpll~PLL_OUTPUT_COUNTER|divclk'
Slack : 0.197
TNS   : 0.000

Type  : Fast 1100mV 85C Model Recovery 'MOUSE:inst|MOUSE_CLK_FILTER'
Slack : -3.203
TNS   : -51.105

Type  : Fast 1100mV 85C Model Removal 'MOUSE:inst|MOUSE_CLK_FILTER'
Slack : 2.922
TNS   : 0.000

Type  : Fast 1100mV 85C Model Minimum Pulse Width 'MOUSE:inst|MOUSE_CLK_FILTER'
Slack : 0.008
TNS   : 0.000

Type  : Fast 1100mV 85C Model Minimum Pulse Width 'inst1|pll_25m_inst|altera_pll_i|general[0].gpll~FRACTIONAL_PLL|vcoph[0]'
Slack : 1.666
TNS   : 0.000

Type  : Fast 1100mV 85C Model Minimum Pulse Width 'CLOCK_50'
Slack : 9.643
TNS   : 0.000

Type  : Fast 1100mV 85C Model Minimum Pulse Width 'inst1|pll_25m_inst|altera_pll_i|general[0].gpll~PLL_OUTPUT_COUNTER|divclk'
Slack : 19.560
TNS   : 0.000

Type  : Fast 1100mV 0C Model Setup 'MOUSE:inst|MOUSE_CLK_FILTER'
Slack : -3.733
TNS   : -324.214

Type  : Fast 1100mV 0C Model Setup 'inst1|pll_25m_inst|altera_pll_i|general[0].gpll~PLL_OUTPUT_COUNTER|divclk'
Slack : -2.699
TNS   : -9.045

Type  : Fast 1100mV 0C Model Hold 'MOUSE:inst|MOUSE_CLK_FILTER'
Slack : 0.147
TNS   : 0.000

Type  : Fast 1100mV 0C Model Hold 'inst1|pll_25m_inst|altera_pll_i|general[0].gpll~PLL_OUTPUT_COUNTER|divclk'
Slack : 0.178
TNS   : 0.000

Type  : Fast 1100mV 0C Model Recovery 'MOUSE:inst|MOUSE_CLK_FILTER'
Slack : -3.122
TNS   : -49.855

Type  : Fast 1100mV 0C Model Removal 'MOUSE:inst|MOUSE_CLK_FILTER'
Slack : 2.924
TNS   : 0.000

Type  : Fast 1100mV 0C Model Minimum Pulse Width 'MOUSE:inst|MOUSE_CLK_FILTER'
Slack : 0.030
TNS   : 0.000

Type  : Fast 1100mV 0C Model Minimum Pulse Width 'inst1|pll_25m_inst|altera_pll_i|general[0].gpll~FRACTIONAL_PLL|vcoph[0]'
Slack : 1.666
TNS   : 0.000

Type  : Fast 1100mV 0C Model Minimum Pulse Width 'CLOCK_50'
Slack : 9.632
TNS   : 0.000

Type  : Fast 1100mV 0C Model Minimum Pulse Width 'inst1|pll_25m_inst|altera_pll_i|general[0].gpll~PLL_OUTPUT_COUNTER|divclk'
Slack : 19.553
TNS   : 0.000

------------------------------------------------------------
