------------------------------------------------------------
Timing Analyzer Summary
------------------------------------------------------------

Type  : Slow 1100mV 85C Model Setup 'MOUSE:inst4|MOUSE_CLK_FILTER'
Slack : -8.201
TNS   : -285.776

Type  : Slow 1100mV 85C Model Setup 'VGA_SYNC:inst|vert_sync_out'
Slack : -6.848
TNS   : -158.921

Type  : Slow 1100mV 85C Model Setup 'inst1|pll25mhz_inst|altera_pll_i|general[0].gpll~PLL_OUTPUT_COUNTER|divclk'
Slack : -5.640
TNS   : -218.843

Type  : Slow 1100mV 85C Model Hold 'inst1|pll25mhz_inst|altera_pll_i|general[0].gpll~PLL_OUTPUT_COUNTER|divclk'
Slack : 0.380
TNS   : 0.000

Type  : Slow 1100mV 85C Model Hold 'MOUSE:inst4|MOUSE_CLK_FILTER'
Slack : 0.649
TNS   : 0.000

Type  : Slow 1100mV 85C Model Hold 'VGA_SYNC:inst|vert_sync_out'
Slack : 0.809
TNS   : 0.000

Type  : Slow 1100mV 85C Model Recovery 'MOUSE:inst4|MOUSE_CLK_FILTER'
Slack : -6.952
TNS   : -107.912

Type  : Slow 1100mV 85C Model Removal 'MOUSE:inst4|MOUSE_CLK_FILTER'
Slack : 5.638
TNS   : 0.000

Type  : Slow 1100mV 85C Model Minimum Pulse Width 'MOUSE:inst4|MOUSE_CLK_FILTER'
Slack : -0.538
TNS   : -29.814

Type  : Slow 1100mV 85C Model Minimum Pulse Width 'VGA_SYNC:inst|vert_sync_out'
Slack : -0.538
TNS   : -18.970

Type  : Slow 1100mV 85C Model Minimum Pulse Width 'inst1|pll25mhz_inst|altera_pll_i|general[0].gpll~FRACTIONAL_PLL|vcoph[0]'
Slack : 1.666
TNS   : 0.000

Type  : Slow 1100mV 85C Model Minimum Pulse Width 'CLOCK_50'
Slack : 9.949
TNS   : 0.000

Type  : Slow 1100mV 85C Model Minimum Pulse Width 'inst1|pll25mhz_inst|altera_pll_i|general[0].gpll~PLL_OUTPUT_COUNTER|divclk'
Slack : 18.588
TNS   : 0.000

Type  : Slow 1100mV 0C Model Setup 'MOUSE:inst4|MOUSE_CLK_FILTER'
Slack : -8.214
TNS   : -280.584

Type  : Slow 1100mV 0C Model Setup 'VGA_SYNC:inst|vert_sync_out'
Slack : -6.850
TNS   : -158.592

Type  : Slow 1100mV 0C Model Setup 'inst1|pll25mhz_inst|altera_pll_i|general[0].gpll~PLL_OUTPUT_COUNTER|divclk'
Slack : -5.317
TNS   : -202.932

Type  : Slow 1100mV 0C Model Hold 'inst1|pll25mhz_inst|altera_pll_i|general[0].gpll~PLL_OUTPUT_COUNTER|divclk'
Slack : -0.063
TNS   : -0.170

Type  : Slow 1100mV 0C Model Hold 'MOUSE:inst4|MOUSE_CLK_FILTER'
Slack : 0.662
TNS   : 0.000

Type  : Slow 1100mV 0C Model Hold 'VGA_SYNC:inst|vert_sync_out'
Slack : 0.850
TNS   : 0.000

Type  : Slow 1100mV 0C Model Recovery 'MOUSE:inst4|MOUSE_CLK_FILTER'
Slack : -6.902
TNS   : -107.242

Type  : Slow 1100mV 0C Model Removal 'MOUSE:inst4|MOUSE_CLK_FILTER'
Slack : 5.776
TNS   : 0.000

Type  : Slow 1100mV 0C Model Minimum Pulse Width 'MOUSE:inst4|MOUSE_CLK_FILTER'
Slack : -0.538
TNS   : -29.133

Type  : Slow 1100mV 0C Model Minimum Pulse Width 'VGA_SYNC:inst|vert_sync_out'
Slack : -0.538
TNS   : -18.968

Type  : Slow 1100mV 0C Model Minimum Pulse Width 'inst1|pll25mhz_inst|altera_pll_i|general[0].gpll~FRACTIONAL_PLL|vcoph[0]'
Slack : 1.666
TNS   : 0.000

Type  : Slow 1100mV 0C Model Minimum Pulse Width 'CLOCK_50'
Slack : 9.980
TNS   : 0.000

Type  : Slow 1100mV 0C Model Minimum Pulse Width 'inst1|pll25mhz_inst|altera_pll_i|general[0].gpll~PLL_OUTPUT_COUNTER|divclk'
Slack : 18.558
TNS   : 0.000

Type  : Fast 1100mV 85C Model Setup 'MOUSE:inst4|MOUSE_CLK_FILTER'
Slack : -4.102
TNS   : -138.512

Type  : Fast 1100mV 85C Model Setup 'inst1|pll25mhz_inst|altera_pll_i|general[0].gpll~PLL_OUTPUT_COUNTER|divclk'
Slack : -3.406
TNS   : -134.165

Type  : Fast 1100mV 85C Model Setup 'VGA_SYNC:inst|vert_sync_out'
Slack : -3.015
TNS   : -67.660

Type  : Fast 1100mV 85C Model Hold 'inst1|pll25mhz_inst|altera_pll_i|general[0].gpll~PLL_OUTPUT_COUNTER|divclk'
Slack : 0.179
TNS   : 0.000

Type  : Fast 1100mV 85C Model Hold 'VGA_SYNC:inst|vert_sync_out'
Slack : 0.303
TNS   : 0.000

Type  : Fast 1100mV 85C Model Hold 'MOUSE:inst4|MOUSE_CLK_FILTER'
Slack : 0.364
TNS   : 0.000

Type  : Fast 1100mV 85C Model Recovery 'MOUSE:inst4|MOUSE_CLK_FILTER'
Slack : -3.361
TNS   : -52.169

Type  : Fast 1100mV 85C Model Removal 'MOUSE:inst4|MOUSE_CLK_FILTER'
Slack : 3.034
TNS   : 0.000

Type  : Fast 1100mV 85C Model Minimum Pulse Width 'VGA_SYNC:inst|vert_sync_out'
Slack : 0.060
TNS   : 0.000

Type  : Fast 1100mV 85C Model Minimum Pulse Width 'MOUSE:inst4|MOUSE_CLK_FILTER'
Slack : 0.091
TNS   : 0.000

Type  : Fast 1100mV 85C Model Minimum Pulse Width 'inst1|pll25mhz_inst|altera_pll_i|general[0].gpll~FRACTIONAL_PLL|vcoph[0]'
Slack : 1.666
TNS   : 0.000

Type  : Fast 1100mV 85C Model Minimum Pulse Width 'CLOCK_50'
Slack : 9.643
TNS   : 0.000

Type  : Fast 1100mV 85C Model Minimum Pulse Width 'inst1|pll25mhz_inst|altera_pll_i|general[0].gpll~PLL_OUTPUT_COUNTER|divclk'
Slack : 18.888
TNS   : 0.000

Type  : Fast 1100mV 0C Model Setup 'MOUSE:inst4|MOUSE_CLK_FILTER'
Slack : -3.912
TNS   : -133.059

Type  : Fast 1100mV 0C Model Setup 'VGA_SYNC:inst|vert_sync_out'
Slack : -2.871
TNS   : -64.970

Type  : Fast 1100mV 0C Model Setup 'inst1|pll25mhz_inst|altera_pll_i|general[0].gpll~PLL_OUTPUT_COUNTER|divclk'
Slack : -2.568
TNS   : -100.482

Type  : Fast 1100mV 0C Model Hold 'inst1|pll25mhz_inst|altera_pll_i|general[0].gpll~PLL_OUTPUT_COUNTER|divclk'
Slack : 0.022
TNS   : 0.000

Type  : Fast 1100mV 0C Model Hold 'VGA_SYNC:inst|vert_sync_out'
Slack : 0.281
TNS   : 0.000

Type  : Fast 1100mV 0C Model Hold 'MOUSE:inst4|MOUSE_CLK_FILTER'
Slack : 0.334
TNS   : 0.000

Type  : Fast 1100mV 0C Model Recovery 'MOUSE:inst4|MOUSE_CLK_FILTER'
Slack : -3.260
TNS   : -50.758

Type  : Fast 1100mV 0C Model Removal 'MOUSE:inst4|MOUSE_CLK_FILTER'
Slack : 3.013
TNS   : 0.000

Type  : Fast 1100mV 0C Model Minimum Pulse Width 'VGA_SYNC:inst|vert_sync_out'
Slack : 0.082
TNS   : 0.000

Type  : Fast 1100mV 0C Model Minimum Pulse Width 'MOUSE:inst4|MOUSE_CLK_FILTER'
Slack : 0.090
TNS   : 0.000

Type  : Fast 1100mV 0C Model Minimum Pulse Width 'inst1|pll25mhz_inst|altera_pll_i|general[0].gpll~FRACTIONAL_PLL|vcoph[0]'
Slack : 1.666
TNS   : 0.000

Type  : Fast 1100mV 0C Model Minimum Pulse Width 'CLOCK_50'
Slack : 9.632
TNS   : 0.000

Type  : Fast 1100mV 0C Model Minimum Pulse Width 'inst1|pll25mhz_inst|altera_pll_i|general[0].gpll~PLL_OUTPUT_COUNTER|divclk'
Slack : 18.889
TNS   : 0.000

------------------------------------------------------------
